******************************************************************************
                  TI ARM Linker PC v16.9.4                     
******************************************************************************
>> Linked Fri Jan 05 15:05:04 2018

OUTPUT FILE NAME:   <LED_Sketchpad.out>
ENTRY POINT SYMBOL: "_c_int00"  address: 0000260d


MEMORY CONFIGURATION

         name            origin    length      used     unused   attr    fill
----------------------  --------  ---------  --------  --------  ----  --------
  MAIN                  00000000   00040000  0000279a  0003d866  R  X
  INFO                  00200000   00004000  00000000  00004000  R  X
  SRAM_CODE             01000000   00010000  00009e7e  00006182  RW X
  SRAM_DATA             20000000   00010000  00009e7e  00006182  RW  


SEGMENT ALLOCATION MAP

run origin  load origin   length   init length attrs members
----------  ----------- ---------- ----------- ----- -------
00000000    00000000    000027a0   000027a0    r-x
  00000000    00000000    000000e4   000000e4    r-- .intvecs
  000000e4    000000e4    00002676   00002676    r-x .text
  00002760    00002760    00000040   00000040    r-- .cinit
20000000    20000000    00009c80   00000000    rw-
  20000000    20000000    00009c62   00000000    rw- .bss
  20009c64    20009c64    0000001c   00000000    rw- .data
2000fe00    2000fe00    00000200   00000000    rw-
  2000fe00    2000fe00    00000200   00000000    rw- .stack


SECTION ALLOCATION MAP

 output                                  attributes/
section   page    origin      length       input sections
--------  ----  ----------  ----------   ----------------
.intvecs   0    00000000    000000e4     
                  00000000    000000e4     startup_msp432p401r_ccs.obj (.intvecs:retain)

.binit     0    00000000    00000000     

.text      0    000000e4    00002676     
                  000000e4    0000200c     main.obj (.text)
                  000020f0    0000032c     system_msp432p401r.obj (.text)
                  0000241c    0000009c     rtsv7M4_T_le_v4SPD16_eabi.lib : memcpy_t2.obj (.text)
                  000024b8    0000007a                                   : memset_t2.obj (.text)
                  00002532    00000002                                   : mpu_init.obj (.text)
                  00002534    00000070                                   : autoinit.obj (.text)
                  000025a4    00000068                                   : copy_decompress_lzss.obj (.text:decompress:lzss)
                  0000260c    00000054                                   : boot.obj (.text)
                  00002660    00000054                                   : exit.obj (.text)
                  000026b4    0000004c                                   : cpy_tbl.obj (.text)
                  00002700    00000018                                   : args_main.obj (.text)
                  00002718    00000014                                   : _lock.obj (.text)
                  0000272c    0000000e                                   : copy_decompress_none.obj (.text:decompress:none)
                  0000273a    0000000e     startup_msp432p401r_ccs.obj (.text)
                  00002748    0000000c     rtsv7M4_T_le_v4SPD16_eabi.lib : copy_zero_init.obj (.text:decompress:ZI)
                  00002754    00000004                                   : pre_init.obj (.text)
                  00002758    00000002                                   : startup.obj (.text)

.cinit     0    00002760    00000040     
                  00002760    00000015     (.cinit..data.load) [load image, compression = lzss]
                  00002775    00000003     --HOLE-- [fill = 0]
                  00002778    0000000c     (__TI_handler_table)
                  00002784    00000004     --HOLE-- [fill = 0]
                  00002788    00000008     (.cinit..bss.load) [load image, compression = zero_init]
                  00002790    00000010     (__TI_cinit_table)

.init_array 
*          0    00000000    00000000     UNINITIALIZED

.bss       0    20000000    00009c62     UNINITIALIZED
                  20000000    00004e20     (.common:store_x)
                  20004e20    00004e20     (.common:store_y)
                  20009c40    0000000c     (.common:x_values)
                  20009c4c    0000000c     (.common:y_values)
                  20009c58    00000002     (.common:disp)
                  20009c5a    00000002     (.common:i)
                  20009c5c    00000002     (.common:j)
                  20009c5e    00000002     (.common:num)
                  20009c60    00000002     (.common:ta)

.data      0    20009c64    0000001c     UNINITIALIZED
                  20009c64    0000000c     rtsv7M4_T_le_v4SPD16_eabi.lib : exit.obj (.data:$O1$$)
                  20009c70    00000008                                   : _lock.obj (.data:$O1$$)
                  20009c78    00000004                                   : stkdepth_vars.obj (.data)
                  20009c7c    00000004     system_msp432p401r.obj (.data)

.stack     0    2000fe00    00000200     UNINITIALIZED
                  2000fe00    00000200     --HOLE--

MODULE SUMMARY

       Module                        code   ro data   rw data
       ------                        ----   -------   -------
    .\
       main.obj                      8204   0         80068  
       system_msp432p401r.obj        812    0         8      
       startup_msp432p401r_ccs.obj   14     228       0      
    +--+-----------------------------+------+---------+---------+
       Total:                        9030   228       80076  
                                                             
    E:\CCS\ccsv7\tools\compiler\ti-cgt-arm_16.9.4.LTS\lib\rtsv7M4_T_le_v4SPD16_eabi.lib
       memcpy_t2.obj                 156    0         0      
       memset_t2.obj                 122    0         0      
       autoinit.obj                  112    0         0      
       exit.obj                      84     0         24     
       copy_decompress_lzss.obj      104    0         0      
       boot.obj                      84     0         0      
       cpy_tbl.obj                   76     0         0      
       _lock.obj                     20     0         16     
       args_main.obj                 24     0         0      
       copy_decompress_none.obj      14     0         0      
       copy_zero_init.obj            12     0         0      
       stkdepth_vars.obj             0      0         8      
       pre_init.obj                  4      0         0      
       mpu_init.obj                  2      0         0      
       startup.obj                   2      0         0      
    +--+-----------------------------+------+---------+---------+
       Total:                        816    0         48     
                                                             
       Stack:                        0      0         1024   
       Linker Generated:             0      57        0      
    +--+-----------------------------+------+---------+---------+
       Grand Total:                  9846   285       81148  


LINKER GENERATED COPY TABLES

__TI_cinit_table @ 00002790 records: 2, size/record: 8, table size: 16
	.data: load addr=00002760, load size=00000015 bytes, run addr=20009c64, run size=0000001c bytes, compression=lzss
	.bss: load addr=00002788, load size=00000008 bytes, run addr=20000000, run size=00009c62 bytes, compression=zero_init


LINKER GENERATED HANDLER TABLE

__TI_handler_table @ 00002778 records: 3, size/record: 4, table size: 12
	index: 0, handler: __TI_decompress_lzss
	index: 1, handler: __TI_decompress_none
	index: 2, handler: __TI_zero_init


GLOBAL SYMBOLS: SORTED ALPHABETICALLY BY Name 

address   name                           
-------   ----                           
00002747  ADC14_IRQHandler               
00002747  AES256_IRQHandler              
00002747  BusFault_Handler               
00002661  C$$EXIT                        
00002747  COMP_E0_IRQHandler             
00002747  COMP_E1_IRQHandler             
00002747  CS_IRQHandler                  
00002747  DMA_ERR_IRQHandler             
00002747  DMA_INT0_IRQHandler            
00002747  DMA_INT1_IRQHandler            
00002747  DMA_INT2_IRQHandler            
00002747  DMA_INT3_IRQHandler            
00002747  DebugMon_Handler               
00002747  Default_Handler                
00002747  EUSCIA0_IRQHandler             
00002747  EUSCIA1_IRQHandler             
00002747  EUSCIA2_IRQHandler             
00002747  EUSCIA3_IRQHandler             
00002747  EUSCIB0_IRQHandler             
00002747  EUSCIB1_IRQHandler             
00002747  EUSCIB2_IRQHandler             
00002747  EUSCIB3_IRQHandler             
00002747  FLCTL_IRQHandler               
00002747  FPU_IRQHandler                 
00002747  HardFault_Handler              
00002747  MemManage_Handler              
00002747  NMI_Handler                    
00002747  PCM_IRQHandler                 
0000035b  PORT1_IRQHandler               
0000035b  PORT1_IRQHandler               
00002747  PORT2_IRQHandler               
00002747  PORT3_IRQHandler               
00002747  PORT4_IRQHandler               
000003d9  PORT5_IRQHandler               
000003d9  PORT5_IRQHandler               
00002747  PORT6_IRQHandler               
00002747  PSS_IRQHandler                 
00002747  PendSV_Handler                 
00002747  RTC_C_IRQHandler               
0000273b  Reset_Handler                  
UNDEFED   SHT$$INIT_ARRAY$$Base          
UNDEFED   SHT$$INIT_ARRAY$$Limit         
00002747  SVC_Handler                    
00002747  SysTick_Handler                
20009c7c  SystemCoreClock                
000020f1  SystemCoreClockUpdate          
00002365  SystemInit                     
00002747  T32_INT1_IRQHandler            
00002747  T32_INT2_IRQHandler            
00002747  T32_INTC_IRQHandler            
00002747  TA0_0_IRQHandler               
00002747  TA0_N_IRQHandler               
00002747  TA1_0_IRQHandler               
00002747  TA1_N_IRQHandler               
00002747  TA2_0_IRQHandler               
00002747  TA2_N_IRQHandler               
00002747  TA3_0_IRQHandler               
00002747  TA3_N_IRQHandler               
00002747  UsageFault_Handler             
4000480c  WDTCTL_SYM                     
00002747  WDT_A_IRQHandler               
20010000  __STACK_END                    
00000200  __STACK_SIZE                   
00002790  __TI_CINIT_Base                
000027a0  __TI_CINIT_Limit               
00002778  __TI_Handler_Table_Base        
00002784  __TI_Handler_Table_Limit       
00002535  __TI_auto_init                 
20009c64  __TI_cleanup_ptr               
000025a5  __TI_decompress_lzss           
0000272d  __TI_decompress_none           
20009c68  __TI_dtors_ptr                 
20009c6c  __TI_enable_exit_profile_output
ffffffff  __TI_pprof_out_hndl            
ffffffff  __TI_prof_data_size            
ffffffff  __TI_prof_data_start           
00000000  __TI_static_base__             
00002749  __TI_zero_init                 
000024b9  __aeabi_memclr                 
000024b9  __aeabi_memclr4                
000024b9  __aeabi_memclr8                
0000241d  __aeabi_memcpy                 
0000241d  __aeabi_memcpy4                
0000241d  __aeabi_memcpy8                
000024bb  __aeabi_memset                 
000024bb  __aeabi_memset4                
000024bb  __aeabi_memset8                
ffffffff  __binit__                      
ffffffff  __c_args__                     
00002533  __mpu_init                     
2000fe00  __stack                        
00002701  _args_main                     
0000260d  _c_int00                       
20009c70  _lock                          
00002727  _nop                           
0000271f  _register_lock                 
00002719  _register_unlock               
00002759  _system_post_cinit             
00002755  _system_pre_init               
20009c74  _unlock                        
00002665  abort                          
ffffffff  binit                          
000026b5  copy_in                        
20009c58  disp                           
00000921  error                          
0000266d  exit                           
20009c5a  i                              
00000000  interruptVectors               
20009c5c  j                              
000008cd  led_green                      
0000089d  led_red                        
000000e5  main                           
20009c78  main_func_sp                   
00000989  matrix_ini                     
00000d51  matrix_map                     
0000241d  memcpy                         
000024c1  memset                         
20009c5e  num                            
000007d9  read_ch_xval                   
0000083d  read_ch_yval                   
000005e3  read_xval                      
00000525  read_yval                      
20000000  store_x                        
20004e20  store_y                        
20009c60  ta                             
00000795  timer_delay                    
000006a1  touch_detect                   
20009c40  x_values                       
20009c4c  y_values                       


GLOBAL SYMBOLS: SORTED BY Symbol Address 

address   name                           
-------   ----                           
00000000  __TI_static_base__             
00000000  interruptVectors               
000000e5  main                           
00000200  __STACK_SIZE                   
0000035b  PORT1_IRQHandler               
0000035b  PORT1_IRQHandler               
000003d9  PORT5_IRQHandler               
000003d9  PORT5_IRQHandler               
00000525  read_yval                      
000005e3  read_xval                      
000006a1  touch_detect                   
00000795  timer_delay                    
000007d9  read_ch_xval                   
0000083d  read_ch_yval                   
0000089d  led_red                        
000008cd  led_green                      
00000921  error                          
00000989  matrix_ini                     
00000d51  matrix_map                     
000020f1  SystemCoreClockUpdate          
00002365  SystemInit                     
0000241d  __aeabi_memcpy                 
0000241d  __aeabi_memcpy4                
0000241d  __aeabi_memcpy8                
0000241d  memcpy                         
000024b9  __aeabi_memclr                 
000024b9  __aeabi_memclr4                
000024b9  __aeabi_memclr8                
000024bb  __aeabi_memset                 
000024bb  __aeabi_memset4                
000024bb  __aeabi_memset8                
000024c1  memset                         
00002533  __mpu_init                     
00002535  __TI_auto_init                 
000025a5  __TI_decompress_lzss           
0000260d  _c_int00                       
00002661  C$$EXIT                        
00002665  abort                          
0000266d  exit                           
000026b5  copy_in                        
00002701  _args_main                     
00002719  _register_unlock               
0000271f  _register_lock                 
00002727  _nop                           
0000272d  __TI_decompress_none           
0000273b  Reset_Handler                  
00002747  ADC14_IRQHandler               
00002747  AES256_IRQHandler              
00002747  BusFault_Handler               
00002747  COMP_E0_IRQHandler             
00002747  COMP_E1_IRQHandler             
00002747  CS_IRQHandler                  
00002747  DMA_ERR_IRQHandler             
00002747  DMA_INT0_IRQHandler            
00002747  DMA_INT1_IRQHandler            
00002747  DMA_INT2_IRQHandler            
00002747  DMA_INT3_IRQHandler            
00002747  DebugMon_Handler               
00002747  Default_Handler                
00002747  EUSCIA0_IRQHandler             
00002747  EUSCIA1_IRQHandler             
00002747  EUSCIA2_IRQHandler             
00002747  EUSCIA3_IRQHandler             
00002747  EUSCIB0_IRQHandler             
00002747  EUSCIB1_IRQHandler             
00002747  EUSCIB2_IRQHandler             
00002747  EUSCIB3_IRQHandler             
00002747  FLCTL_IRQHandler               
00002747  FPU_IRQHandler                 
00002747  HardFault_Handler              
00002747  MemManage_Handler              
00002747  NMI_Handler                    
00002747  PCM_IRQHandler                 
00002747  PORT2_IRQHandler               
00002747  PORT3_IRQHandler               
00002747  PORT4_IRQHandler               
00002747  PORT6_IRQHandler               
00002747  PSS_IRQHandler                 
00002747  PendSV_Handler                 
00002747  RTC_C_IRQHandler               
00002747  SVC_Handler                    
00002747  SysTick_Handler                
00002747  T32_INT1_IRQHandler            
00002747  T32_INT2_IRQHandler            
00002747  T32_INTC_IRQHandler            
00002747  TA0_0_IRQHandler               
00002747  TA0_N_IRQHandler               
00002747  TA1_0_IRQHandler               
00002747  TA1_N_IRQHandler               
00002747  TA2_0_IRQHandler               
00002747  TA2_N_IRQHandler               
00002747  TA3_0_IRQHandler               
00002747  TA3_N_IRQHandler               
00002747  UsageFault_Handler             
00002747  WDT_A_IRQHandler               
00002749  __TI_zero_init                 
00002755  _system_pre_init               
00002759  _system_post_cinit             
00002778  __TI_Handler_Table_Base        
00002784  __TI_Handler_Table_Limit       
00002790  __TI_CINIT_Base                
000027a0  __TI_CINIT_Limit               
20000000  store_x                        
20004e20  store_y                        
20009c40  x_values                       
20009c4c  y_values                       
20009c58  disp                           
20009c5a  i                              
20009c5c  j                              
20009c5e  num                            
20009c60  ta                             
20009c64  __TI_cleanup_ptr               
20009c68  __TI_dtors_ptr                 
20009c6c  __TI_enable_exit_profile_output
20009c70  _lock                          
20009c74  _unlock                        
20009c78  main_func_sp                   
20009c7c  SystemCoreClock                
2000fe00  __stack                        
20010000  __STACK_END                    
4000480c  WDTCTL_SYM                     
ffffffff  __TI_pprof_out_hndl            
ffffffff  __TI_prof_data_size            
ffffffff  __TI_prof_data_start           
ffffffff  __binit__                      
ffffffff  __c_args__                     
ffffffff  binit                          
UNDEFED   SHT$$INIT_ARRAY$$Base          
UNDEFED   SHT$$INIT_ARRAY$$Limit         

[129 symbols]
